#! /opt/homebrew/Cellar/icarus-verilog/12.0/bin/vvp
:ivl_version "12.0 (stable)";
:ivl_delay_selection "TYPICAL";
:vpi_time_precision - 12;
:vpi_module "/opt/homebrew/Cellar/icarus-verilog/12.0/lib/ivl/system.vpi";
:vpi_module "/opt/homebrew/Cellar/icarus-verilog/12.0/lib/ivl/vhdl_sys.vpi";
:vpi_module "/opt/homebrew/Cellar/icarus-verilog/12.0/lib/ivl/vhdl_textio.vpi";
:vpi_module "/opt/homebrew/Cellar/icarus-verilog/12.0/lib/ivl/v2005_math.vpi";
:vpi_module "/opt/homebrew/Cellar/icarus-verilog/12.0/lib/ivl/va_math.vpi";
:vpi_module "/opt/homebrew/Cellar/icarus-verilog/12.0/lib/ivl/v2009.vpi";
S_0x137704700 .scope package, "$unit" "$unit" 2 1;
 .timescale 0 0;
S_0x1377048a0 .scope module, "tb_ex0" "tb_ex0" 3 11;
 .timescale -9 -12;
v0x137714e70_0 .var "tb_a", 0 0;
v0x137714f10_0 .var "tb_b", 0 0;
v0x137714fc0_0 .net "tb_c", 0 0, L_0x137715090;  1 drivers
S_0x137704a20 .scope module, "dut" "ex0" 3 15, 3 3 0, S_0x1377048a0;
 .timescale -9 -12;
    .port_info 0 /INPUT 1 "a";
    .port_info 1 /INPUT 1 "b";
    .port_info 2 /OUTPUT 1 "c";
L_0x137715090 .functor OR 1, v0x137714e70_0, v0x137714f10_0, C4<0>, C4<0>;
v0x137704c30_0 .net "a", 0 0, v0x137714e70_0;  1 drivers
v0x137714cd0_0 .net "b", 0 0, v0x137714f10_0;  1 drivers
v0x137714d70_0 .net "c", 0 0, L_0x137715090;  alias, 1 drivers
    .scope S_0x1377048a0;
T_0 ;
    %vpi_call/w 3 22 "$dumpfile", "ex0.vcd" {0 0 0};
    %vpi_call/w 3 23 "$dumpvars", 32'sb00000000000000000000000000000000, S_0x1377048a0 {0 0 0};
    %pushi/vec4 0, 0, 1;
    %store/vec4 v0x137714e70_0, 0, 1;
    %pushi/vec4 0, 0, 1;
    %store/vec4 v0x137714f10_0, 0, 1;
    %end;
    .thread T_0;
    .scope S_0x1377048a0;
T_1 ;
    %delay 5000, 0;
    %load/vec4 v0x137714e70_0;
    %inv;
    %store/vec4 v0x137714e70_0, 0, 1;
    %jmp T_1;
    .thread T_1;
    .scope S_0x1377048a0;
T_2 ;
    %delay 10000, 0;
    %load/vec4 v0x137714f10_0;
    %inv;
    %store/vec4 v0x137714f10_0, 0, 1;
    %jmp T_2;
    .thread T_2;
    .scope S_0x1377048a0;
T_3 ;
    %delay 100000, 0;
    %vpi_call/w 3 38 "$finish" {0 0 0};
    %jmp T_3;
    .thread T_3;
# The file index is used to find the file name in the following table.
:file_names 4;
    "N/A";
    "<interactive>";
    "-";
    "ex0.sv";
